
savoir_vie@DESKTOP-8UTTVGR MINGW64 ~ (master)
$ ssh a1fb1922e11e@a1fb1922e11e.87815d18.alx-cod.online
a1fb1922e11e@a1fb1922e11e.87815d18.alx-cod.online's password:
root@a1fb1922e11e:/# ls
alx-pre_course                 boot  home   lib64   mnt   root  srv  usr
alx-system_engineering-devops  dev   lib    libx32  opt   run   sys  var
bin                            etc   lib32  media   proc  sbin  tmp
root@a1fb1922e11e:/# cd alx-system_engineering-devops
root@a1fb1922e11e:/alx-system_engineering-devops# ls
0x00-shell_basics  Readme.md  README.md
root@a1fb1922e11e:/alx-system_engineering-devops# cd 0x00-shell_basic
bash: cd: 0x00-shell_basic: No such file or directory
root@a1fb1922e11e:/alx-system_engineering-devops# cd 0x00-shell_basics
root@a1fb1922e11e:/alx-system_engineering-devops/0x00-shell_basics# ls
 0-current_working_directory  '#2-bring_me_home#'   README.md
 1-listit                      2-bring_me_home
root@a1fb1922e11e:/alx-system_engineering-devops/0x00-shell_basics# rm '#2-bring_me_home#'
root@a1fb1922e11e:/alx-system_engineering-devops/0x00-shell_basics# ls
0-current_working_directory  1-listit  2-bring_me_home  README.md
root@a1fb1922e11e:/alx-system_engineering-devops/0x00-shell_basics# emacs -nw 2-bring_me_home
root@a1fb1922e11e:/alx-system_engineering-devops/0x00-shell_basics# chomd u
bash: chomd: command not found
root@a1fb1922e11e:/alx-system_engineering-devops/0x00-shell_basics#
root@a1fb1922e11e:/alx-system_engineering-devops/0x00-shell_basics#
root@a1fb1922e11e:/alx-system_engineering-devops/0x00-shell_basics#
root@a1fb1922e11e:/alx-system_engineering-devops/0x00-shell_basics#
root@a1fb1922e11e:/alx-system_engineering-devops/0x00-shell_basics#
root@a1fb1922e11e:/alx-system_engineering-devops/0x00-shell_basics#
root@a1fb1922e11e:/alx-system_engineering-devops/0x00-shell_basics#
root@a1fb1922e11e:/alx-system_engineering-devops/0x00-shell_basics#
root@a1fb1922e11e:/alx-system_engineering-devops/0x00-shell_basics#
root@a1fb1922e11e:/alx-system_engineering-devops/0x00-shell_basics#
root@a1fb1922e11e:/alx-system_engineering-devops/0x00-shell_basics#
root@a1fb1922e11e:/alx-system_engineering-devops/0x00-shell_basics#
root@a1fb1922e11e:/alx-system_engineering-devops/0x00-shell_basics#
root@a1fb1922e11e:/alx-system_engineering-devops/0x00-shell_basics# chmod u+x 2-bring_me_home
root@a1fb1922e11e:/alx-system_engineering-devops/0x00-shell_basics# ls
 0-current_working_directory  '#2-bring_me_home#'   README.md
 1-listit                      2-bring_me_home
root@a1fb1922e11e:/alx-system_engineering-devops/0x00-shell_basics# git add .
root@a1fb1922e11e:/alx-system_engineering-devops/0x00-shell_basics# git commit -m "home"
[main b99df9b] home
 1 file changed, 0 insertions(+), 0 deletions(-)
 mode change 100644 => 100755 0x00-shell_basics/#2-bring_me_home#
root@a1fb1922e11e:/alx-system_engineering-devops/0x00-shell_basics# git push
Enumerating objects: 5, done.
Counting objects: 100% (5/5), done.
Delta compression using up to 2 threads
Compressing objects: 100% (3/3), done.
Writing objects: 100% (3/3), 280 bytes | 280.00 KiB/s, done.
Total 3 (delta 2), reused 0 (delta 0)
remote: Resolving deltas: 100% (2/2), completed with 2 local objects.
To https://github.com/digicynthia/alx-system_engineering-devops.git
   5f1d9e1..b99df9b  main -> main
root@a1fb1922e11e:/alx-system_engineering-devops/0x00-shell_basics# emacs -nw 2-bring_me_home
root@a1fb1922e11e:/alx-system_engineering-devops/0x00-shell_basics# ls
 0-current_working_directory  '#2-bring_me_home#'   README.md
 1-listit                      2-bring_me_home
root@a1fb1922e11e:/alx-system_engineering-devops/0x00-shell_basics# chmod u+x 2-bring_me_home
root@a1fb1922e11e:/alx-system_engineering-devops/0x00-shell_basics# git add .
root@a1fb1922e11e:/alx-system_engineering-devops/0x00-shell_basics# git commit -m "home"
[main 0536cc3] home
 1 file changed, 1 insertion(+), 1 deletion(-)
root@a1fb1922e11e:/alx-system_engineering-devops/0x00-shell_basics# git push
Enumerating objects: 7, done.
Counting objects: 100% (7/7), done.
Delta compression using up to 2 threads
Compressing objects: 100% (3/3), done.
Writing objects: 100% (4/4), 325 bytes | 325.00 KiB/s, done.
Total 4 (delta 2), reused 0 (delta 0)
remote: Resolving deltas: 100% (2/2), completed with 2 local objects.
To https://github.com/digicynthia/alx-system_engineering-devops.git
   b99df9b..0536cc3  main -> main
root@a1fb1922e11e:/alx-system_engineering-devops/0x00-shell_basics# rm '#2-bring_me_home#' 2-bring_me_home
root@a1fb1922e11e:/alx-system_engineering-devops/0x00-shell_basics# ls
0-current_working_directory  1-listit  README.md
root@a1fb1922e11e:/alx-system_engineering-devops/0x00-shell_basics# cat > 2-bring_me_home
#!/bin/bash
cd ~
root@a1fb1922e11e:/alx-system_engineering-devops/0x00-shell_basics# wc -l 2-bring_me_home
2 2-bring_me_home
root@a1fb1922e11e:/alx-system_engineering-devops/0x00-shell_basics# ls
0-current_working_directory  1-listit  2-bring_me_home  README.md
root@a1fb1922e11e:/alx-system_engineering-devops/0x00-shell_basics# chmod u+x 2-bring_me_home
root@a1fb1922e11e:/alx-system_engineering-devops/0x00-shell_basics# git add .
root@a1fb1922e11e:/alx-system_engineering-devops/0x00-shell_basics# git commit -m "home"
[main 02e0782] home
 2 files changed, 1 insertion(+), 3 deletions(-)
 delete mode 100755 0x00-shell_basics/#2-bring_me_home#
root@a1fb1922e11e:/alx-system_engineering-devops/0x00-shell_basics# git push
Enumerating objects: 7, done.
Counting objects: 100% (7/7), done.
Delta compression using up to 2 threads
Compressing objects: 100% (3/3), done.
Writing objects: 100% (4/4), 327 bytes | 327.00 KiB/s, done.
Total 4 (delta 2), reused 0 (delta 0)
remote: Resolving deltas: 100% (2/2), completed with 2 local objects.
To https://github.com/digicynthia/alx-system_engineering-devops.git
   0536cc3..02e0782  main -> main
root@a1fb1922e11e:/alx-system_engineering-devops/0x00-shell_basics# ls
0-current_working_directory  1-listit  2-bring_me_home  README.md
root@a1fb1922e11e:/alx-system_engineering-devops/0x00-shell_basics# rm 1-listit
root@a1fb1922e11e:/alx-system_engineering-devops/0x00-shell_basics# ls
0-current_working_directory  2-bring_me_home  README.md
root@a1fb1922e11e:/alx-system_engineering-devops/0x00-shell_basics# cat > 1-listit
#!/bin/bash
ls -l
root@a1fb1922e11e:/alx-system_engineering-devops/0x00-shell_basics# mv 1-listit  3-listfiles
root@a1fb1922e11e:/alx-system_engineering-devops/0x00-shell_basics# ls
0-current_working_directory  2-bring_me_home  3-listfiles  README.md
root@a1fb1922e11e:/alx-system_engineering-devops/0x00-shell_basics# wc -l 3-listfiles
2 3-listfiles
root@a1fb1922e11e:/alx-system_engineering-devops/0x00-shell_basics# head -l 3-listfiles
head: invalid option -- 'l'
Try 'head --help' for more information.
root@a1fb1922e11e:/alx-system_engineering-devops/0x00-shell_basics# chmod u+x 3-listfiles
root@a1fb1922e11e:/alx-system_engineering-devops/0x00-shell_basics# git add .
root@a1fb1922e11e:/alx-system_engineering-devops/0x00-shell_basics# git commit -m "listfiles"
[main 0497107] listfiles
 1 file changed, 1 insertion(+), 1 deletion(-)
 rename 0x00-shell_basics/{1-listit => 3-listfiles} (66%)
root@a1fb1922e11e:/alx-system_engineering-devops/0x00-shell_basics# git push
Enumerating objects: 6, done.
Counting objects: 100% (6/6), done.
Delta compression using up to 2 threads
Compressing objects: 100% (3/3), done.
Writing objects: 100% (4/4), 445 bytes | 445.00 KiB/s, done.
Total 4 (delta 1), reused 0 (delta 0)
remote: Resolving deltas: 100% (1/1), completed with 1 local object.
To https://github.com/digicynthia/alx-system_engineering-devops.git
   02e0782..0497107  main -> main
root@a1fb1922e11e:/alx-system_engineering-devops/0x00-shell_basics# cat > 4-listmorefiles
#!/bin/bash
ls -la
root@a1fb1922e11e:/alx-system_engineering-devops/0x00-shell_basics# wc -l 4-listmorefiles
2 4-listmorefiles
root@a1fb1922e11e:/alx-system_engineering-devops/0x00-shell_basics# git add .
root@a1fb1922e11e:/alx-system_engineering-devops/0x00-shell_basics# git commit -m "morefiles"
[main aa41292] morefiles
 1 file changed, 2 insertions(+)
 create mode 100644 0x00-shell_basics/4-listmorefiles
root@a1fb1922e11e:/alx-system_engineering-devops/0x00-shell_basics# git push
Enumerating objects: 6, done.
Counting objects: 100% (6/6), done.
Delta compression using up to 2 threads
Compressing objects: 100% (3/3), done.
Writing objects: 100% (4/4), 346 bytes | 346.00 KiB/s, done.
Total 4 (delta 2), reused 0 (delta 0)
remote: Resolving deltas: 100% (2/2), completed with 2 local objects.
To https://github.com/digicynthia/alx-system_engineering-devops.git
   0497107..aa41292  main -> main
root@a1fb1922e11e:/alx-system_engineering-devops/0x00-shell_basics# ls
0-current_working_directory  3-listfiles      README.md
2-bring_me_home              4-listmorefiles
root@a1fb1922e11e:/alx-system_engineering-devops/0x00-shell_basics# chmod u+x 4-listmorefiles
root@a1fb1922e11e:/alx-system_engineering-devops/0x00-shell_basics# git add .
root@a1fb1922e11e:/alx-system_engineering-devops/0x00-shell_basics# git commit -m "morefiles"
[main efa4893] morefiles
 1 file changed, 0 insertions(+), 0 deletions(-)
 mode change 100644 => 100755 0x00-shell_basics/4-listmorefiles
root@a1fb1922e11e:/alx-system_engineering-devops/0x00-shell_basics# git push
Enumerating objects: 5, done.
Counting objects: 100% (5/5), done.
Delta compression using up to 2 threads
Compressing objects: 100% (3/3), done.
Writing objects: 100% (3/3), 282 bytes | 282.00 KiB/s, done.
Total 3 (delta 2), reused 0 (delta 0)
remote: Resolving deltas: 100% (2/2), completed with 2 local objects.
To https://github.com/digicynthia/alx-system_engineering-devops.git
   aa41292..efa4893  main -> main
root@a1fb1922e11e:/alx-system_engineering-devops/0x00-shell_basics# cat > 5-listfilesdigitonly
#!/bin/bash
ls -lna
root@a1fb1922e11e:/alx-system_engineering-devops/0x00-shell_basics# wc -l 5-listfilesdigitonly
2 5-listfilesdigitonly
root@a1fb1922e11e:/alx-system_engineering-devops/0x00-shell_basics# chmod u+x 5-listfilesdigitonly
root@a1fb1922e11e:/alx-system_engineering-devops/0x00-shell_basics# git add .
root@a1fb1922e11e:/alx-system_engineering-devops/0x00-shell_basics# git commit -m "filesdigitonly"
[main 76b4206] filesdigitonly
 1 file changed, 2 insertions(+)
 create mode 100755 0x00-shell_basics/5-listfilesdigitonly
root@a1fb1922e11e:/alx-system_engineering-devops/0x00-shell_basics# git push
Enumerating objects: 6, done.
Counting objects: 100% (6/6), done.
Delta compression using up to 2 threads
Compressing objects: 100% (3/3), done.
Writing objects: 100% (4/4), 362 bytes | 362.00 KiB/s, done.
Total 4 (delta 2), reused 0 (delta 0)
remote: Resolving deltas: 100% (2/2), completed with 2 local objects.
To https://github.com/digicynthia/alx-system_engineering-devops.git
   efa4893..76b4206  main -> main
root@a1fb1922e11e:/alx-system_engineering-devops/0x00-shell_basics# cat > 6-firstdirectory
#!/bin/bash
mkdir/tmp/my_first_directory
root@a1fb1922e11e:/alx-system_engineering-devops/0x00-shell_basics# wc -l 6-firstdirectory
2 6-firstdirectory
root@a1fb1922e11e:/alx-system_engineering-devops/0x00-shell_basics# chmod u+x 6-firstdirectory
root@a1fb1922e11e:/alx-system_engineering-devops/0x00-shell_basics# git add .
root@a1fb1922e11e:/alx-system_engineering-devops/0x00-shell_basics#
root@a1fb1922e11e:/alx-system_engineering-devops/0x00-shell_basics# git commit -m "first directory"
[main c2aa995] first directory
 1 file changed, 2 insertions(+)
 create mode 100755 0x00-shell_basics/6-firstdirectory
root@a1fb1922e11e:/alx-system_engineering-devops/0x00-shell_basics# git push
Enumerating objects: 6, done.
Counting objects: 100% (6/6), done.
Delta compression using up to 2 threads
Compressing objects: 100% (3/3), done.
Writing objects: 100% (4/4), 376 bytes | 376.00 KiB/s, done.
Total 4 (delta 2), reused 0 (delta 0)
remote: Resolving deltas: 100% (2/2), completed with 2 local objects.
To https://github.com/digicynthia/alx-system_engineering-devops.git
   76b4206..c2aa995  main -> main
root@a1fb1922e11e:/alx-system_engineering-devops/0x00-shell_basics# head -l 6-firstdirectory
head: invalid option -- 'l'
Try 'head --help' for more information.
root@a1fb1922e11e:/alx-system_engineering-devops/0x00-shell_basics# cat > 6-firstdirectory
#!/bin/bash
mkdir /tmp/my_first_directory
root@a1fb1922e11e:/alx-system_engineering-devops/0x00-shell_basics# wc -l 6-firstdirectory
2 6-firstdirectory
root@a1fb1922e11e:/alx-system_engineering-devops/0x00-shell_basics# chmod u+x 6-firstdirectory
root@a1fb1922e11e:/alx-system_engineering-devops/0x00-shell_basics# git add .
root@a1fb1922e11e:/alx-system_engineering-devops/0x00-shell_basics# git commit -m "first directory"
[main 1b6cc25] first directory
 1 file changed, 1 insertion(+), 1 deletion(-)
root@a1fb1922e11e:/alx-system_engineering-devops/0x00-shell_basics# git push
Enumerating objects: 7, done.
Counting objects: 100% (7/7), done.
Delta compression using up to 2 threads
Compressing objects: 100% (3/3), done.
Writing objects: 100% (4/4), 358 bytes | 358.00 KiB/s, done.
Total 4 (delta 2), reused 0 (delta 0)
remote: Resolving deltas: 100% (2/2), completed with 2 local objects.
To https://github.com/digicynthia/alx-system_engineering-devops.git
   c2aa995..1b6cc25  main -> main
root@a1fb1922e11e:/alx-system_engineering-devops/0x00-shell_basics# cat 7-movethatfile
cat: 7-movethatfile: No such file or directory
root@a1fb1922e11e:/alx-system_engineering-devops/0x00-shell_basics# cat > 7-movethatfile
#!/bin/bash
mv /tmp/betty /tmp/my_first_directory
root@a1fb1922e11e:/alx-system_engineering-devops/0x00-shell_basics# wc -l 7-movethatfile
2 7-movethatfile
root@a1fb1922e11e:/alx-system_engineering-devops/0x00-shell_basics# chmod u+x 7-movethatfile
root@a1fb1922e11e:/alx-system_engineering-devops/0x00-shell_basics# git add .
root@a1fb1922e11e:/alx-system_engineering-devops/0x00-shell_basics# git commit -m "move file"
[main b69b6f0] move file
 1 file changed, 2 insertions(+)
 create mode 100755 0x00-shell_basics/7-movethatfile
root@a1fb1922e11e:/alx-system_engineering-devops/0x00-shell_basics# git push
Enumerating objects: 6, done.
Counting objects: 100% (6/6), done.
Delta compression using up to 2 threads
Compressing objects: 100% (4/4), done.
Writing objects: 100% (4/4), 378 bytes | 378.00 KiB/s, done.
Total 4 (delta 2), reused 0 (delta 0)
remote: Resolving deltas: 100% (2/2), completed with 2 local objects.
To https://github.com/digicynthia/alx-system_engineering-devops.git
   1b6cc25..b69b6f0  main -> main
root@a1fb1922e11e:/alx-system_engineering-devops/0x00-shell_basics# cat > 8-firstdelete
#!/bin/bash
rm /tmp/my_first_directory/betty
root@a1fb1922e11e:/alx-system_engineering-devops/0x00-shell_basics# wc -l 8-firstremove
wc: 8-firstremove: No such file or directory
root@a1fb1922e11e:/alx-system_engineering-devops/0x00-shell_basics# wc -l 8-firstdelete
2 8-firstdelete
root@a1fb1922e11e:/alx-system_engineering-devops/0x00-shell_basics# chmod u+x 8-firstdelete
root@a1fb1922e11e:/alx-system_engineering-devops/0x00-shell_basics# git add .
root@a1fb1922e11e:/alx-system_engineering-devops/0x00-shell_basics# git commit -m "delete file"
[main e7eefcb] delete file
 1 file changed, 2 insertions(+)
 create mode 100755 0x00-shell_basics/8-firstdelete
root@a1fb1922e11e:/alx-system_engineering-devops/0x00-shell_basics# git push
Enumerating objects: 6, done.
Counting objects: 100% (6/6), done.
Delta compression using up to 2 threads
Compressing objects: 100% (3/3), done.
Writing objects: 100% (4/4), 377 bytes | 377.00 KiB/s, done.
Total 4 (delta 2), reused 0 (delta 0)
remote: Resolving deltas: 100% (2/2), completed with 2 local objects.
To https://github.com/digicynthia/alx-system_engineering-devops.git
   b69b6f0..e7eefcb  main -> main
root@a1fb1922e11e:/alx-system_engineering-devops/0x00-shell_basics# cat > 9-firstdirdeletion
#!/bin/bash
rm -r /tmp/my_first_directory
